// Jest Snapshot v1, https://goo.gl/fbAQLP

exports[`filterContents 1`] = `
Array [
  Object {
    "elements": Array [
      Object {
        "content": "grid",
        "onSelect": Object {
          "nodeId": "10-13",
          "payload": Object {
            "key": "\\"grid\\"",
            "value": "true",
          },
          "type": "addObjectKey",
        },
        "type": "button",
      },
      Object {
        "content": "gridCap",
        "onSelect": Object {
          "nodeId": "10-13",
          "payload": Object {
            "key": "\\"gridCap\\"",
            "value": "",
          },
          "type": "addObjectKey",
        },
        "type": "button",
      },
      Object {
        "content": "gridColor",
        "onSelect": Object {
          "nodeId": "10-13",
          "payload": Object {
            "key": "\\"gridColor\\"",
            "value": "{ } ",
          },
          "type": "addObjectKey",
        },
        "type": "button",
      },
      Object {
        "content": "gridDash",
        "onSelect": Object {
          "nodeId": "10-13",
          "payload": Object {
            "key": "\\"gridDash\\"",
            "value": "[ ] ",
          },
          "type": "addObjectKey",
        },
        "type": "button",
      },
      Object {
        "content": "gridDashOffset",
        "onSelect": Object {
          "nodeId": "10-13",
          "payload": Object {
            "key": "\\"gridDashOffset\\"",
            "value": "0",
          },
          "type": "addObjectKey",
        },
        "type": "button",
      },
      Object {
        "content": "gridOpacity",
        "onSelect": Object {
          "nodeId": "10-13",
          "payload": Object {
            "key": "\\"gridOpacity\\"",
            "value": "0",
          },
          "type": "addObjectKey",
        },
        "type": "button",
      },
      Object {
        "content": "gridWidth",
        "onSelect": Object {
          "nodeId": "10-13",
          "payload": Object {
            "key": "\\"gridWidth\\"",
            "value": "0",
          },
          "type": "addObjectKey",
        },
        "type": "button",
      },
    ],
    "label": "Add Field",
  },
]
`;
